// Bun Snapshot v1, https://bun.sh/docs/test/snapshots

exports[`ProfileScreen UnitTest renders correctly 1`] = `
{
  "$$typeof": Symbol(react.test.json),
  "children": [
    {
      "$$typeof": Symbol(react.test.json),
      "children": [
        {
          "$$typeof": Symbol(react.test.json),
          "children": null,
          "props": {},
          "type": "View",
        },
      ],
      "props": {
        "collapsable": false,
        "pointerEvents": "box-none",
        "style": {
          "flex": 1,
        },
      },
      "type": "View",
    },
  ],
  "props": {
    "style": [
      {
        "flex": 1,
      },
      undefined,
    ],
  },
  "type": "View",
}
`;
