// Jest Snapshot v1, https://goo.gl/fbAQLP

exports[`WelcomeScreenTemplate UnitTest renders correctly 1`] = `
<Component>
  <Component>
    test
  </Component>
  <Component>
    test
  </Component>
  <View>
    <Component
      onPress={[Function]}
    >
      test
    </Component>
    <Component
      onPress={[Function]}
    >
      test
    </Component>
    <Component
      onPress={[Function]}
    >
      test
    </Component>
  </View>
</Component>
`;
