// Jest Snapshot v1, https://goo.gl/fbAQLP

exports[`ConvertibleContentTitle matches snapshot when desktop 1`] = `
<RNCSafeAreaProvider
  onInsetsChange={[Function]}
  style={
    [
      {
        "flex": 1,
      },
      undefined,
    ]
  }
>
  <View
    collapsable={false}
    pointerEvents="box-none"
    style={
      {
        "flex": 1,
      }
    }
  >
    <Text
      style={
        [
          {
            "fontFamily": "calibre_app_regular",
            "fontSize": 24,
            "marginBottom": 48,
            "marginTop": 32,
          },
          {
            "color": "rgba(98, 91, 113, 1)",
          },
          undefined,
        ]
      }
    >
      Profile
    </Text>
  </View>
</RNCSafeAreaProvider>
`;
