// Bun Snapshot v1, https://bun.sh/docs/test/snapshots

exports[`LabeledTimeView renders correctly 1`] = `
{
  "$$typeof": Symbol(react.test.json),
  "children": [
    {
      "$$typeof": Symbol(react.test.json),
      "children": [
        {
          "$$typeof": Symbol(react.test.json),
          "children": [
            {
              "$$typeof": Symbol(react.test.json),
              "children": [
                "Wake Up",
              ],
              "props": {
                "style": [
                  {
                    "fontSize": 20,
                  },
                  {
                    "color": "rgba(98, 91, 113, 1)",
                  },
                  undefined,
                ],
              },
              "type": "Text",
            },
            {
              "$$typeof": Symbol(react.test.json),
              "children": [
                {
                  "$$typeof": Symbol(react.test.json),
                  "children": [
                    "7:30",
                  ],
                  "props": {
                    "style": [
                      {
                        "fontFamily": "calibre_app_semibold",
                        "fontSize": 20,
                      },
                      {
                        "color": "rgba(98, 91, 113, 1)",
                      },
                      undefined,
                    ],
                  },
                  "type": "Text",
                },
                {
                  "$$typeof": Symbol(react.test.json),
                  "children": [
                    "am",
                  ],
                  "props": {
                    "style": [
                      {
                        "fontFamily": "calibre_app_regular",
                        "fontSize": 20,
                      },
                      {
                        "color": "rgba(98, 91, 113, 1)",
                      },
                      undefined,
                    ],
                  },
                  "type": "Text",
                },
              ],
              "props": {
                "style": [
                  {
                    "alignItems": "center",
                    "flexDirection": "row",
                    "justifyContent": "center",
                  },
                  undefined,
                ],
              },
              "type": "View",
            },
          ],
          "props": {
            "style": {
              "alignItems": "center",
            },
          },
          "type": "View",
        },
      ],
      "props": {
        "collapsable": false,
        "pointerEvents": "box-none",
        "style": {
          "flex": 1,
        },
      },
      "type": "View",
    },
  ],
  "props": {
    "style": [
      {
        "flex": 1,
      },
      undefined,
    ],
  },
  "type": "View",
}
`;
