// Jest Snapshot v1, https://goo.gl/fbAQLP

exports[`OptionCheckBoxes renders correctly 1`] = `
<RNCSafeAreaProvider
  onInsetsChange={[Function]}
  style={
    [
      {
        "flex": 1,
      },
      undefined,
    ]
  }
>
  <View
    collapsable={false}
    pointerEvents="box-none"
    style={
      {
        "flex": 1,
      }
    }
  >
    <View
      accessibilityState={
        {
          "busy": undefined,
          "checked": undefined,
          "disabled": true,
          "expanded": undefined,
          "selected": undefined,
        }
      }
      accessibilityValue={
        {
          "max": undefined,
          "min": undefined,
          "now": undefined,
          "text": undefined,
        }
      }
      accessible={true}
      collapsable={false}
      field={
        {
          "choices": "",
          "labelNone": "None",
          "type": "checkboxes",
        }
      }
      focusable={true}
      onBlur={[Function]}
      onClick={[Function]}
      onFocus={[Function]}
      onResponderGrant={[Function]}
      onResponderMove={[Function]}
      onResponderRelease={[Function]}
      onResponderTerminate={[Function]}
      onResponderTerminationRequest={[Function]}
      onStartShouldSetResponder={[Function]}
      onValueChange={[MockFunction]}
      style={
        [
          false,
          [
            {
              "paddingRight": 24,
              "paddingVertical": 8,
            },
            undefined,
          ],
        ]
      }
      value={0}
    >
      <View
        style={
          [
            {
              "flexDirection": "row",
              "marginVertical": 6,
              "width": "100%",
            },
            undefined,
          ]
        }
      >
        <View
          style={
            {
              "alignSelf": "center",
              "marginLeft": 16,
              "marginRight": 0,
            }
          }
        >
          <Text />
        </View>
        <View
          style={
            [
              {
                "paddingLeft": 16,
              },
              {
                "flexGrow": 1,
                "flexShrink": 1,
                "justifyContent": "center",
              },
              undefined,
            ]
          }
          testID="undefined-content"
        >
          <Text
            numberOfLines={1}
            selectable={false}
            style={
              [
                {
                  "textAlign": "left",
                },
                {
                  "color": "rgba(28, 27, 31, 1)",
                  "fontFamily": "System",
                  "fontWeight": "400",
                  "letterSpacing": 0,
                },
                {
                  "writingDirection": "ltr",
                },
                [
                  {
                    "fontSize": 16,
                  },
                  {
                    "color": "rgba(28, 27, 31, 1)",
                  },
                  [
                    {
                      "color": "#ffffff",
                    },
                    undefined,
                  ],
                ],
              ]
            }
          >
            File Streams
          </Text>
          <Text
            numberOfLines={2}
            onTextLayout={[Function]}
            selectable={false}
            style={
              [
                {
                  "textAlign": "left",
                },
                {
                  "color": "rgba(28, 27, 31, 1)",
                  "fontFamily": "System",
                  "fontWeight": "400",
                  "letterSpacing": 0,
                },
                {
                  "writingDirection": "ltr",
                },
                [
                  {
                    "fontSize": 14,
                  },
                  {
                    "color": "rgba(73, 69, 79, 1)",
                  },
                  [
                    {
                      "color": "#9B9B9B",
                    },
                    undefined,
                  ],
                ],
              ]
            }
          >
            Select streams
          </Text>
        </View>
        <View
          style={
            {
              "flex": 1,
              "flexDirection": "row",
              "flexWrap": "wrap",
              "maxWidth": 500,
            }
          }
        >
          <View
            style={
              [
                {
                  "flexDirection": "row",
                  "marginBottom": 12,
                },
                {
                  "width": 600,
                },
                undefined,
              ]
            }
          >
            <View
              style={
                [
                  {
                    "alignItems": "flex-end",
                    "flex": 1,
                    "justifyContent": "center",
                  },
                  undefined,
                ]
              }
            >
              <View
                accessibilityLiveRegion="polite"
                accessibilityRole="checkbox"
                accessibilityState={
                  {
                    "busy": undefined,
                    "checked": true,
                    "disabled": true,
                    "expanded": undefined,
                    "selected": undefined,
                  }
                }
                accessibilityValue={
                  {
                    "max": undefined,
                    "min": undefined,
                    "now": undefined,
                    "text": undefined,
                  }
                }
                accessible={true}
                collapsable={false}
                color="rgba(28, 27, 31, 1)"
                focusable={true}
                label="EEG"
                labelPlace="right"
                labelStyle={
                  {
                    "color": "#ffffff",
                  }
                }
                onBlur={[Function]}
                onClick={[Function]}
                onFocus={[Function]}
                onResponderGrant={[Function]}
                onResponderMove={[Function]}
                onResponderRelease={[Function]}
                onResponderTerminate={[Function]}
                onResponderTerminationRequest={[Function]}
                onStartShouldSetResponder={[Function]}
                style={
                  [
                    {
                      "overflow": "hidden",
                    },
                    {
                      "borderRadius": 18,
                      "padding": 6,
                    },
                  ]
                }
                uncheckedColor="rgba(28, 27, 31, 1)"
              >
                <View
                  style={
                    {
                      "opacity": 1,
                    }
                  }
                >
                  <Text />
                </View>
              </View>
            </View>
            <View
              style={
                [
                  {
                    "alignItems": "flex-start",
                    "flex": 1,
                    "justifyContent": "center",
                  },
                  undefined,
                ]
              }
            >
              <Text
                style={
                  [
                    {
                      "fontFamily": "calibre_app_regular",
                      "fontSize": 14,
                    },
                    {
                      "color": "rgba(98, 91, 113, 1)",
                    },
                    {
                      "color": "#ffffff",
                    },
                  ]
                }
              >
                EEG
              </Text>
            </View>
          </View>
          <View
            style={
              [
                {
                  "flexDirection": "row",
                  "marginBottom": 12,
                },
                {
                  "width": 600,
                },
                undefined,
              ]
            }
          >
            <View
              style={
                [
                  {
                    "alignItems": "flex-end",
                    "flex": 1,
                    "justifyContent": "center",
                  },
                  undefined,
                ]
              }
            >
              <View
                accessibilityLiveRegion="polite"
                accessibilityRole="checkbox"
                accessibilityState={
                  {
                    "busy": undefined,
                    "checked": true,
                    "disabled": true,
                    "expanded": undefined,
                    "selected": undefined,
                  }
                }
                accessibilityValue={
                  {
                    "max": undefined,
                    "min": undefined,
                    "now": undefined,
                    "text": undefined,
                  }
                }
                accessible={true}
                collapsable={false}
                color="rgba(28, 27, 31, 1)"
                focusable={true}
                label="Signal On/Off"
                labelPlace="right"
                labelStyle={
                  {
                    "color": "#ffffff",
                  }
                }
                onBlur={[Function]}
                onClick={[Function]}
                onFocus={[Function]}
                onResponderGrant={[Function]}
                onResponderMove={[Function]}
                onResponderRelease={[Function]}
                onResponderTerminate={[Function]}
                onResponderTerminationRequest={[Function]}
                onStartShouldSetResponder={[Function]}
                style={
                  [
                    {
                      "overflow": "hidden",
                    },
                    {
                      "borderRadius": 18,
                      "padding": 6,
                    },
                  ]
                }
                uncheckedColor="rgba(28, 27, 31, 1)"
              >
                <View
                  style={
                    {
                      "opacity": 1,
                    }
                  }
                >
                  <Text />
                </View>
              </View>
            </View>
            <View
              style={
                [
                  {
                    "alignItems": "flex-start",
                    "flex": 1,
                    "justifyContent": "center",
                  },
                  undefined,
                ]
              }
            >
              <Text
                style={
                  [
                    {
                      "fontFamily": "calibre_app_regular",
                      "fontSize": 14,
                    },
                    {
                      "color": "rgba(98, 91, 113, 1)",
                    },
                    {
                      "color": "#ffffff",
                    },
                  ]
                }
              >
                Signal On/Off
              </Text>
            </View>
          </View>
          <View
            style={
              [
                {
                  "flexDirection": "row",
                  "marginBottom": 12,
                },
                {
                  "width": 600,
                },
                undefined,
              ]
            }
          >
            <View
              style={
                [
                  {
                    "alignItems": "flex-end",
                    "flex": 1,
                    "justifyContent": "center",
                  },
                  undefined,
                ]
              }
            >
              <View
                accessibilityLiveRegion="polite"
                accessibilityRole="checkbox"
                accessibilityState={
                  {
                    "busy": undefined,
                    "checked": true,
                    "disabled": true,
                    "expanded": undefined,
                    "selected": undefined,
                  }
                }
                accessibilityValue={
                  {
                    "max": undefined,
                    "min": undefined,
                    "now": undefined,
                    "text": undefined,
                  }
                }
                accessible={true}
                collapsable={false}
                color="rgba(28, 27, 31, 1)"
                focusable={true}
                label="Sleep Stages"
                labelPlace="right"
                labelStyle={
                  {
                    "color": "#ffffff",
                  }
                }
                onBlur={[Function]}
                onClick={[Function]}
                onFocus={[Function]}
                onResponderGrant={[Function]}
                onResponderMove={[Function]}
                onResponderRelease={[Function]}
                onResponderTerminate={[Function]}
                onResponderTerminationRequest={[Function]}
                onStartShouldSetResponder={[Function]}
                style={
                  [
                    {
                      "overflow": "hidden",
                    },
                    {
                      "borderRadius": 18,
                      "padding": 6,
                    },
                  ]
                }
                uncheckedColor="rgba(28, 27, 31, 1)"
              >
                <View
                  style={
                    {
                      "opacity": 1,
                    }
                  }
                >
                  <Text />
                </View>
              </View>
            </View>
            <View
              style={
                [
                  {
                    "alignItems": "flex-start",
                    "flex": 1,
                    "justifyContent": "center",
                  },
                  undefined,
                ]
              }
            >
              <Text
                style={
                  [
                    {
                      "fontFamily": "calibre_app_regular",
                      "fontSize": 14,
                    },
                    {
                      "color": "rgba(98, 91, 113, 1)",
                    },
                    {
                      "color": "#ffffff",
                    },
                  ]
                }
              >
                Sleep Stages
              </Text>
            </View>
          </View>
          <View
            style={
              [
                {
                  "flexDirection": "row",
                  "marginBottom": 12,
                },
                {
                  "width": 600,
                },
                undefined,
              ]
            }
          >
            <View
              style={
                [
                  {
                    "alignItems": "flex-end",
                    "flex": 1,
                    "justifyContent": "center",
                  },
                  undefined,
                ]
              }
            >
              <View
                accessibilityLiveRegion="polite"
                accessibilityRole="checkbox"
                accessibilityState={
                  {
                    "busy": undefined,
                    "checked": true,
                    "disabled": true,
                    "expanded": undefined,
                    "selected": undefined,
                  }
                }
                accessibilityValue={
                  {
                    "max": undefined,
                    "min": undefined,
                    "now": undefined,
                    "text": undefined,
                  }
                }
                accessible={true}
                collapsable={false}
                color="rgba(28, 27, 31, 1)"
                focusable={true}
                label="Sleep Tracker"
                labelPlace="right"
                labelStyle={
                  {
                    "color": "#ffffff",
                  }
                }
                onBlur={[Function]}
                onClick={[Function]}
                onFocus={[Function]}
                onResponderGrant={[Function]}
                onResponderMove={[Function]}
                onResponderRelease={[Function]}
                onResponderTerminate={[Function]}
                onResponderTerminationRequest={[Function]}
                onStartShouldSetResponder={[Function]}
                style={
                  [
                    {
                      "overflow": "hidden",
                    },
                    {
                      "borderRadius": 18,
                      "padding": 6,
                    },
                  ]
                }
                uncheckedColor="rgba(28, 27, 31, 1)"
              >
                <View
                  style={
                    {
                      "opacity": 1,
                    }
                  }
                >
                  <Text />
                </View>
              </View>
            </View>
            <View
              style={
                [
                  {
                    "alignItems": "flex-start",
                    "flex": 1,
                    "justifyContent": "center",
                  },
                  undefined,
                ]
              }
            >
              <Text
                style={
                  [
                    {
                      "fontFamily": "calibre_app_regular",
                      "fontSize": 14,
                    },
                    {
                      "color": "rgba(98, 91, 113, 1)",
                    },
                    {
                      "color": "#ffffff",
                    },
                  ]
                }
              >
                Sleep Tracker
              </Text>
            </View>
          </View>
          <View
            style={
              [
                {
                  "flexDirection": "row",
                  "marginBottom": 12,
                },
                {
                  "width": 600,
                },
                undefined,
              ]
            }
          >
            <View
              style={
                [
                  {
                    "alignItems": "flex-end",
                    "flex": 1,
                    "justifyContent": "center",
                  },
                  undefined,
                ]
              }
            >
              <View
                accessibilityLiveRegion="polite"
                accessibilityRole="checkbox"
                accessibilityState={
                  {
                    "busy": undefined,
                    "checked": true,
                    "disabled": true,
                    "expanded": undefined,
                    "selected": undefined,
                  }
                }
                accessibilityValue={
                  {
                    "max": undefined,
                    "min": undefined,
                    "now": undefined,
                    "text": undefined,
                  }
                }
                accessible={true}
                collapsable={false}
                color="rgba(28, 27, 31, 1)"
                focusable={true}
                label="EEG Delta"
                labelPlace="right"
                labelStyle={
                  {
                    "color": "#ffffff",
                  }
                }
                onBlur={[Function]}
                onClick={[Function]}
                onFocus={[Function]}
                onResponderGrant={[Function]}
                onResponderMove={[Function]}
                onResponderRelease={[Function]}
                onResponderTerminate={[Function]}
                onResponderTerminationRequest={[Function]}
                onStartShouldSetResponder={[Function]}
                style={
                  [
                    {
                      "overflow": "hidden",
                    },
                    {
                      "borderRadius": 18,
                      "padding": 6,
                    },
                  ]
                }
                uncheckedColor="rgba(28, 27, 31, 1)"
              >
                <View
                  style={
                    {
                      "opacity": 1,
                    }
                  }
                >
                  <Text />
                </View>
              </View>
            </View>
            <View
              style={
                [
                  {
                    "alignItems": "flex-start",
                    "flex": 1,
                    "justifyContent": "center",
                  },
                  undefined,
                ]
              }
            >
              <Text
                style={
                  [
                    {
                      "fontFamily": "calibre_app_regular",
                      "fontSize": 14,
                    },
                    {
                      "color": "rgba(98, 91, 113, 1)",
                    },
                    {
                      "color": "#ffffff",
                    },
                  ]
                }
              >
                EEG Delta
              </Text>
            </View>
          </View>
          <View
            style={
              [
                {
                  "flexDirection": "row",
                  "marginBottom": 12,
                },
                {
                  "width": 600,
                },
                undefined,
              ]
            }
          >
            <View
              style={
                [
                  {
                    "alignItems": "flex-end",
                    "flex": 1,
                    "justifyContent": "center",
                  },
                  undefined,
                ]
              }
            >
              <View
                accessibilityLiveRegion="polite"
                accessibilityRole="checkbox"
                accessibilityState={
                  {
                    "busy": undefined,
                    "checked": true,
                    "disabled": true,
                    "expanded": undefined,
                    "selected": undefined,
                  }
                }
                accessibilityValue={
                  {
                    "max": undefined,
                    "min": undefined,
                    "now": undefined,
                    "text": undefined,
                  }
                }
                accessible={true}
                collapsable={false}
                color="rgba(28, 27, 31, 1)"
                focusable={true}
                label="EEG Theta"
                labelPlace="right"
                labelStyle={
                  {
                    "color": "#ffffff",
                  }
                }
                onBlur={[Function]}
                onClick={[Function]}
                onFocus={[Function]}
                onResponderGrant={[Function]}
                onResponderMove={[Function]}
                onResponderRelease={[Function]}
                onResponderTerminate={[Function]}
                onResponderTerminationRequest={[Function]}
                onStartShouldSetResponder={[Function]}
                style={
                  [
                    {
                      "overflow": "hidden",
                    },
                    {
                      "borderRadius": 18,
                      "padding": 6,
                    },
                  ]
                }
                uncheckedColor="rgba(28, 27, 31, 1)"
              >
                <View
                  style={
                    {
                      "opacity": 1,
                    }
                  }
                >
                  <Text />
                </View>
              </View>
            </View>
            <View
              style={
                [
                  {
                    "alignItems": "flex-start",
                    "flex": 1,
                    "justifyContent": "center",
                  },
                  undefined,
                ]
              }
            >
              <Text
                style={
                  [
                    {
                      "fontFamily": "calibre_app_regular",
                      "fontSize": 14,
                    },
                    {
                      "color": "rgba(98, 91, 113, 1)",
                    },
                    {
                      "color": "#ffffff",
                    },
                  ]
                }
              >
                EEG Theta
              </Text>
            </View>
          </View>
          <View
            style={
              [
                {
                  "flexDirection": "row",
                  "marginBottom": 12,
                },
                {
                  "width": 600,
                },
                undefined,
              ]
            }
          >
            <View
              style={
                [
                  {
                    "alignItems": "flex-end",
                    "flex": 1,
                    "justifyContent": "center",
                  },
                  undefined,
                ]
              }
            >
              <View
                accessibilityLiveRegion="polite"
                accessibilityRole="checkbox"
                accessibilityState={
                  {
                    "busy": undefined,
                    "checked": true,
                    "disabled": true,
                    "expanded": undefined,
                    "selected": undefined,
                  }
                }
                accessibilityValue={
                  {
                    "max": undefined,
                    "min": undefined,
                    "now": undefined,
                    "text": undefined,
                  }
                }
                accessible={true}
                collapsable={false}
                color="rgba(28, 27, 31, 1)"
                focusable={true}
                label="EEG Alpha"
                labelPlace="right"
                labelStyle={
                  {
                    "color": "#ffffff",
                  }
                }
                onBlur={[Function]}
                onClick={[Function]}
                onFocus={[Function]}
                onResponderGrant={[Function]}
                onResponderMove={[Function]}
                onResponderRelease={[Function]}
                onResponderTerminate={[Function]}
                onResponderTerminationRequest={[Function]}
                onStartShouldSetResponder={[Function]}
                style={
                  [
                    {
                      "overflow": "hidden",
                    },
                    {
                      "borderRadius": 18,
                      "padding": 6,
                    },
                  ]
                }
                uncheckedColor="rgba(28, 27, 31, 1)"
              >
                <View
                  style={
                    {
                      "opacity": 1,
                    }
                  }
                >
                  <Text />
                </View>
              </View>
            </View>
            <View
              style={
                [
                  {
                    "alignItems": "flex-start",
                    "flex": 1,
                    "justifyContent": "center",
                  },
                  undefined,
                ]
              }
            >
              <Text
                style={
                  [
                    {
                      "fontFamily": "calibre_app_regular",
                      "fontSize": 14,
                    },
                    {
                      "color": "rgba(98, 91, 113, 1)",
                    },
                    {
                      "color": "#ffffff",
                    },
                  ]
                }
              >
                EEG Alpha
              </Text>
            </View>
          </View>
          <View
            style={
              [
                {
                  "flexDirection": "row",
                  "marginBottom": 12,
                },
                {
                  "width": 600,
                },
                undefined,
              ]
            }
          >
            <View
              style={
                [
                  {
                    "alignItems": "flex-end",
                    "flex": 1,
                    "justifyContent": "center",
                  },
                  undefined,
                ]
              }
            >
              <View
                accessibilityLiveRegion="polite"
                accessibilityRole="checkbox"
                accessibilityState={
                  {
                    "busy": undefined,
                    "checked": true,
                    "disabled": true,
                    "expanded": undefined,
                    "selected": undefined,
                  }
                }
                accessibilityValue={
                  {
                    "max": undefined,
                    "min": undefined,
                    "now": undefined,
                    "text": undefined,
                  }
                }
                accessible={true}
                collapsable={false}
                color="rgba(28, 27, 31, 1)"
                focusable={true}
                label="EEG Beta"
                labelPlace="right"
                labelStyle={
                  {
                    "color": "#ffffff",
                  }
                }
                onBlur={[Function]}
                onClick={[Function]}
                onFocus={[Function]}
                onResponderGrant={[Function]}
                onResponderMove={[Function]}
                onResponderRelease={[Function]}
                onResponderTerminate={[Function]}
                onResponderTerminationRequest={[Function]}
                onStartShouldSetResponder={[Function]}
                style={
                  [
                    {
                      "overflow": "hidden",
                    },
                    {
                      "borderRadius": 18,
                      "padding": 6,
                    },
                  ]
                }
                uncheckedColor="rgba(28, 27, 31, 1)"
              >
                <View
                  style={
                    {
                      "opacity": 1,
                    }
                  }
                >
                  <Text />
                </View>
              </View>
            </View>
            <View
              style={
                [
                  {
                    "alignItems": "flex-start",
                    "flex": 1,
                    "justifyContent": "center",
                  },
                  undefined,
                ]
              }
            >
              <Text
                style={
                  [
                    {
                      "fontFamily": "calibre_app_regular",
                      "fontSize": 14,
                    },
                    {
                      "color": "rgba(98, 91, 113, 1)",
                    },
                    {
                      "color": "#ffffff",
                    },
                  ]
                }
              >
                EEG Beta
              </Text>
            </View>
          </View>
          <View
            style={
              [
                {
                  "flexDirection": "row",
                  "marginBottom": 12,
                },
                {
                  "width": 600,
                },
                undefined,
              ]
            }
          >
            <View
              style={
                [
                  {
                    "alignItems": "flex-end",
                    "flex": 1,
                    "justifyContent": "center",
                  },
                  undefined,
                ]
              }
            >
              <View
                accessibilityLiveRegion="polite"
                accessibilityRole="checkbox"
                accessibilityState={
                  {
                    "busy": undefined,
                    "checked": true,
                    "disabled": true,
                    "expanded": undefined,
                    "selected": undefined,
                  }
                }
                accessibilityValue={
                  {
                    "max": undefined,
                    "min": undefined,
                    "now": undefined,
                    "text": undefined,
                  }
                }
                accessible={true}
                collapsable={false}
                color="rgba(28, 27, 31, 1)"
                focusable={true}
                label="EEG Gamma"
                labelPlace="right"
                labelStyle={
                  {
                    "color": "#ffffff",
                  }
                }
                onBlur={[Function]}
                onClick={[Function]}
                onFocus={[Function]}
                onResponderGrant={[Function]}
                onResponderMove={[Function]}
                onResponderRelease={[Function]}
                onResponderTerminate={[Function]}
                onResponderTerminationRequest={[Function]}
                onStartShouldSetResponder={[Function]}
                style={
                  [
                    {
                      "overflow": "hidden",
                    },
                    {
                      "borderRadius": 18,
                      "padding": 6,
                    },
                  ]
                }
                uncheckedColor="rgba(28, 27, 31, 1)"
              >
                <View
                  style={
                    {
                      "opacity": 1,
                    }
                  }
                >
                  <Text />
                </View>
              </View>
            </View>
            <View
              style={
                [
                  {
                    "alignItems": "flex-start",
                    "flex": 1,
                    "justifyContent": "center",
                  },
                  undefined,
                ]
              }
            >
              <Text
                style={
                  [
                    {
                      "fontFamily": "calibre_app_regular",
                      "fontSize": 14,
                    },
                    {
                      "color": "rgba(98, 91, 113, 1)",
                    },
                    {
                      "color": "#ffffff",
                    },
                  ]
                }
              >
                EEG Gamma
              </Text>
            </View>
          </View>
          <View
            style={
              [
                {
                  "flexDirection": "row",
                  "marginBottom": 12,
                },
                {
                  "width": 600,
                },
                undefined,
              ]
            }
          >
            <View
              style={
                [
                  {
                    "alignItems": "flex-end",
                    "flex": 1,
                    "justifyContent": "center",
                  },
                  undefined,
                ]
              }
            >
              <View
                accessibilityLiveRegion="polite"
                accessibilityRole="checkbox"
                accessibilityState={
                  {
                    "busy": undefined,
                    "checked": true,
                    "disabled": true,
                    "expanded": undefined,
                    "selected": undefined,
                  }
                }
                accessibilityValue={
                  {
                    "max": undefined,
                    "min": undefined,
                    "now": undefined,
                    "text": undefined,
                  }
                }
                accessible={true}
                collapsable={false}
                color="rgba(28, 27, 31, 1)"
                focusable={true}
                label="EEG Power Sum"
                labelPlace="right"
                labelStyle={
                  {
                    "color": "#ffffff",
                  }
                }
                onBlur={[Function]}
                onClick={[Function]}
                onFocus={[Function]}
                onResponderGrant={[Function]}
                onResponderMove={[Function]}
                onResponderRelease={[Function]}
                onResponderTerminate={[Function]}
                onResponderTerminationRequest={[Function]}
                onStartShouldSetResponder={[Function]}
                style={
                  [
                    {
                      "overflow": "hidden",
                    },
                    {
                      "borderRadius": 18,
                      "padding": 6,
                    },
                  ]
                }
                uncheckedColor="rgba(28, 27, 31, 1)"
              >
                <View
                  style={
                    {
                      "opacity": 1,
                    }
                  }
                >
                  <Text />
                </View>
              </View>
            </View>
            <View
              style={
                [
                  {
                    "alignItems": "flex-start",
                    "flex": 1,
                    "justifyContent": "center",
                  },
                  undefined,
                ]
              }
            >
              <Text
                style={
                  [
                    {
                      "fontFamily": "calibre_app_regular",
                      "fontSize": 14,
                    },
                    {
                      "color": "rgba(98, 91, 113, 1)",
                    },
                    {
                      "color": "#ffffff",
                    },
                  ]
                }
              >
                EEG Power Sum
              </Text>
            </View>
          </View>
          <View
            style={
              [
                {
                  "flexDirection": "row",
                  "marginBottom": 12,
                },
                {
                  "width": 600,
                },
                undefined,
              ]
            }
          >
            <View
              style={
                [
                  {
                    "alignItems": "flex-end",
                    "flex": 1,
                    "justifyContent": "center",
                  },
                  undefined,
                ]
              }
            >
              <View
                accessibilityLiveRegion="polite"
                accessibilityRole="checkbox"
                accessibilityState={
                  {
                    "busy": undefined,
                    "checked": true,
                    "disabled": true,
                    "expanded": undefined,
                    "selected": undefined,
                  }
                }
                accessibilityValue={
                  {
                    "max": undefined,
                    "min": undefined,
                    "now": undefined,
                    "text": undefined,
                  }
                }
                accessible={true}
                collapsable={false}
                color="rgba(28, 27, 31, 1)"
                focusable={true}
                label="Accelerometer X-axis"
                labelPlace="right"
                labelStyle={
                  {
                    "color": "#ffffff",
                  }
                }
                onBlur={[Function]}
                onClick={[Function]}
                onFocus={[Function]}
                onResponderGrant={[Function]}
                onResponderMove={[Function]}
                onResponderRelease={[Function]}
                onResponderTerminate={[Function]}
                onResponderTerminationRequest={[Function]}
                onStartShouldSetResponder={[Function]}
                style={
                  [
                    {
                      "overflow": "hidden",
                    },
                    {
                      "borderRadius": 18,
                      "padding": 6,
                    },
                  ]
                }
                uncheckedColor="rgba(28, 27, 31, 1)"
              >
                <View
                  style={
                    {
                      "opacity": 1,
                    }
                  }
                >
                  <Text />
                </View>
              </View>
            </View>
            <View
              style={
                [
                  {
                    "alignItems": "flex-start",
                    "flex": 1,
                    "justifyContent": "center",
                  },
                  undefined,
                ]
              }
            >
              <Text
                style={
                  [
                    {
                      "fontFamily": "calibre_app_regular",
                      "fontSize": 14,
                    },
                    {
                      "color": "rgba(98, 91, 113, 1)",
                    },
                    {
                      "color": "#ffffff",
                    },
                  ]
                }
              >
                Accelerometer X-axis
              </Text>
            </View>
          </View>
          <View
            style={
              [
                {
                  "flexDirection": "row",
                  "marginBottom": 12,
                },
                {
                  "width": 600,
                },
                undefined,
              ]
            }
          >
            <View
              style={
                [
                  {
                    "alignItems": "flex-end",
                    "flex": 1,
                    "justifyContent": "center",
                  },
                  undefined,
                ]
              }
            >
              <View
                accessibilityLiveRegion="polite"
                accessibilityRole="checkbox"
                accessibilityState={
                  {
                    "busy": undefined,
                    "checked": true,
                    "disabled": true,
                    "expanded": undefined,
                    "selected": undefined,
                  }
                }
                accessibilityValue={
                  {
                    "max": undefined,
                    "min": undefined,
                    "now": undefined,
                    "text": undefined,
                  }
                }
                accessible={true}
                collapsable={false}
                color="rgba(28, 27, 31, 1)"
                focusable={true}
                label="Accelerometer Y-axis"
                labelPlace="right"
                labelStyle={
                  {
                    "color": "#ffffff",
                  }
                }
                onBlur={[Function]}
                onClick={[Function]}
                onFocus={[Function]}
                onResponderGrant={[Function]}
                onResponderMove={[Function]}
                onResponderRelease={[Function]}
                onResponderTerminate={[Function]}
                onResponderTerminationRequest={[Function]}
                onStartShouldSetResponder={[Function]}
                style={
                  [
                    {
                      "overflow": "hidden",
                    },
                    {
                      "borderRadius": 18,
                      "padding": 6,
                    },
                  ]
                }
                uncheckedColor="rgba(28, 27, 31, 1)"
              >
                <View
                  style={
                    {
                      "opacity": 1,
                    }
                  }
                >
                  <Text />
                </View>
              </View>
            </View>
            <View
              style={
                [
                  {
                    "alignItems": "flex-start",
                    "flex": 1,
                    "justifyContent": "center",
                  },
                  undefined,
                ]
              }
            >
              <Text
                style={
                  [
                    {
                      "fontFamily": "calibre_app_regular",
                      "fontSize": 14,
                    },
                    {
                      "color": "rgba(98, 91, 113, 1)",
                    },
                    {
                      "color": "#ffffff",
                    },
                  ]
                }
              >
                Accelerometer Y-axis
              </Text>
            </View>
          </View>
          <View
            style={
              [
                {
                  "flexDirection": "row",
                  "marginBottom": 12,
                },
                {
                  "width": 600,
                },
                undefined,
              ]
            }
          >
            <View
              style={
                [
                  {
                    "alignItems": "flex-end",
                    "flex": 1,
                    "justifyContent": "center",
                  },
                  undefined,
                ]
              }
            >
              <View
                accessibilityLiveRegion="polite"
                accessibilityRole="checkbox"
                accessibilityState={
                  {
                    "busy": undefined,
                    "checked": true,
                    "disabled": true,
                    "expanded": undefined,
                    "selected": undefined,
                  }
                }
                accessibilityValue={
                  {
                    "max": undefined,
                    "min": undefined,
                    "now": undefined,
                    "text": undefined,
                  }
                }
                accessible={true}
                collapsable={false}
                color="rgba(28, 27, 31, 1)"
                focusable={true}
                label="Accelerometer Z-axis"
                labelPlace="right"
                labelStyle={
                  {
                    "color": "#ffffff",
                  }
                }
                onBlur={[Function]}
                onClick={[Function]}
                onFocus={[Function]}
                onResponderGrant={[Function]}
                onResponderMove={[Function]}
                onResponderRelease={[Function]}
                onResponderTerminate={[Function]}
                onResponderTerminationRequest={[Function]}
                onStartShouldSetResponder={[Function]}
                style={
                  [
                    {
                      "overflow": "hidden",
                    },
                    {
                      "borderRadius": 18,
                      "padding": 6,
                    },
                  ]
                }
                uncheckedColor="rgba(28, 27, 31, 1)"
              >
                <View
                  style={
                    {
                      "opacity": 1,
                    }
                  }
                >
                  <Text />
                </View>
              </View>
            </View>
            <View
              style={
                [
                  {
                    "alignItems": "flex-start",
                    "flex": 1,
                    "justifyContent": "center",
                  },
                  undefined,
                ]
              }
            >
              <Text
                style={
                  [
                    {
                      "fontFamily": "calibre_app_regular",
                      "fontSize": 14,
                    },
                    {
                      "color": "rgba(98, 91, 113, 1)",
                    },
                    {
                      "color": "#ffffff",
                    },
                  ]
                }
              >
                Accelerometer Z-axis
              </Text>
            </View>
          </View>
          <View
            style={
              [
                {
                  "flexDirection": "row",
                  "marginBottom": 12,
                },
                {
                  "width": 600,
                },
                undefined,
              ]
            }
          >
            <View
              style={
                [
                  {
                    "alignItems": "flex-end",
                    "flex": 1,
                    "justifyContent": "center",
                  },
                  undefined,
                ]
              }
            >
              <View
                accessibilityLiveRegion="polite"
                accessibilityRole="checkbox"
                accessibilityState={
                  {
                    "busy": undefined,
                    "checked": true,
                    "disabled": true,
                    "expanded": undefined,
                    "selected": undefined,
                  }
                }
                accessibilityValue={
                  {
                    "max": undefined,
                    "min": undefined,
                    "now": undefined,
                    "text": undefined,
                  }
                }
                accessible={true}
                collapsable={false}
                color="rgba(28, 27, 31, 1)"
                focusable={true}
                label="Accelerometer Magnitude"
                labelPlace="right"
                labelStyle={
                  {
                    "color": "#ffffff",
                  }
                }
                onBlur={[Function]}
                onClick={[Function]}
                onFocus={[Function]}
                onResponderGrant={[Function]}
                onResponderMove={[Function]}
                onResponderRelease={[Function]}
                onResponderTerminate={[Function]}
                onResponderTerminationRequest={[Function]}
                onStartShouldSetResponder={[Function]}
                style={
                  [
                    {
                      "overflow": "hidden",
                    },
                    {
                      "borderRadius": 18,
                      "padding": 6,
                    },
                  ]
                }
                uncheckedColor="rgba(28, 27, 31, 1)"
              >
                <View
                  style={
                    {
                      "opacity": 1,
                    }
                  }
                >
                  <Text />
                </View>
              </View>
            </View>
            <View
              style={
                [
                  {
                    "alignItems": "flex-start",
                    "flex": 1,
                    "justifyContent": "center",
                  },
                  undefined,
                ]
              }
            >
              <Text
                style={
                  [
                    {
                      "fontFamily": "calibre_app_regular",
                      "fontSize": 14,
                    },
                    {
                      "color": "rgba(98, 91, 113, 1)",
                    },
                    {
                      "color": "#ffffff",
                    },
                  ]
                }
              >
                Accelerometer Magnitude
              </Text>
            </View>
          </View>
          <View
            style={
              [
                {
                  "flexDirection": "row",
                  "marginBottom": 12,
                },
                {
                  "width": 600,
                },
                undefined,
              ]
            }
          >
            <View
              style={
                [
                  {
                    "alignItems": "flex-end",
                    "flex": 1,
                    "justifyContent": "center",
                  },
                  undefined,
                ]
              }
            >
              <View
                accessibilityLiveRegion="polite"
                accessibilityRole="checkbox"
                accessibilityState={
                  {
                    "busy": undefined,
                    "checked": true,
                    "disabled": true,
                    "expanded": undefined,
                    "selected": undefined,
                  }
                }
                accessibilityValue={
                  {
                    "max": undefined,
                    "min": undefined,
                    "now": undefined,
                    "text": undefined,
                  }
                }
                accessible={true}
                collapsable={false}
                color="rgba(28, 27, 31, 1)"
                focusable={true}
                label="Gyroscope X-axis"
                labelPlace="right"
                labelStyle={
                  {
                    "color": "#ffffff",
                  }
                }
                onBlur={[Function]}
                onClick={[Function]}
                onFocus={[Function]}
                onResponderGrant={[Function]}
                onResponderMove={[Function]}
                onResponderRelease={[Function]}
                onResponderTerminate={[Function]}
                onResponderTerminationRequest={[Function]}
                onStartShouldSetResponder={[Function]}
                style={
                  [
                    {
                      "overflow": "hidden",
                    },
                    {
                      "borderRadius": 18,
                      "padding": 6,
                    },
                  ]
                }
                uncheckedColor="rgba(28, 27, 31, 1)"
              >
                <View
                  style={
                    {
                      "opacity": 1,
                    }
                  }
                >
                  <Text />
                </View>
              </View>
            </View>
            <View
              style={
                [
                  {
                    "alignItems": "flex-start",
                    "flex": 1,
                    "justifyContent": "center",
                  },
                  undefined,
                ]
              }
            >
              <Text
                style={
                  [
                    {
                      "fontFamily": "calibre_app_regular",
                      "fontSize": 14,
                    },
                    {
                      "color": "rgba(98, 91, 113, 1)",
                    },
                    {
                      "color": "#ffffff",
                    },
                  ]
                }
              >
                Gyroscope X-axis
              </Text>
            </View>
          </View>
          <View
            style={
              [
                {
                  "flexDirection": "row",
                  "marginBottom": 12,
                },
                {
                  "width": 600,
                },
                undefined,
              ]
            }
          >
            <View
              style={
                [
                  {
                    "alignItems": "flex-end",
                    "flex": 1,
                    "justifyContent": "center",
                  },
                  undefined,
                ]
              }
            >
              <View
                accessibilityLiveRegion="polite"
                accessibilityRole="checkbox"
                accessibilityState={
                  {
                    "busy": undefined,
                    "checked": true,
                    "disabled": true,
                    "expanded": undefined,
                    "selected": undefined,
                  }
                }
                accessibilityValue={
                  {
                    "max": undefined,
                    "min": undefined,
                    "now": undefined,
                    "text": undefined,
                  }
                }
                accessible={true}
                collapsable={false}
                color="rgba(28, 27, 31, 1)"
                focusable={true}
                label="Gyroscope Y-axis"
                labelPlace="right"
                labelStyle={
                  {
                    "color": "#ffffff",
                  }
                }
                onBlur={[Function]}
                onClick={[Function]}
                onFocus={[Function]}
                onResponderGrant={[Function]}
                onResponderMove={[Function]}
                onResponderRelease={[Function]}
                onResponderTerminate={[Function]}
                onResponderTerminationRequest={[Function]}
                onStartShouldSetResponder={[Function]}
                style={
                  [
                    {
                      "overflow": "hidden",
                    },
                    {
                      "borderRadius": 18,
                      "padding": 6,
                    },
                  ]
                }
                uncheckedColor="rgba(28, 27, 31, 1)"
              >
                <View
                  style={
                    {
                      "opacity": 1,
                    }
                  }
                >
                  <Text />
                </View>
              </View>
            </View>
            <View
              style={
                [
                  {
                    "alignItems": "flex-start",
                    "flex": 1,
                    "justifyContent": "center",
                  },
                  undefined,
                ]
              }
            >
              <Text
                style={
                  [
                    {
                      "fontFamily": "calibre_app_regular",
                      "fontSize": 14,
                    },
                    {
                      "color": "rgba(98, 91, 113, 1)",
                    },
                    {
                      "color": "#ffffff",
                    },
                  ]
                }
              >
                Gyroscope Y-axis
              </Text>
            </View>
          </View>
          <View
            style={
              [
                {
                  "flexDirection": "row",
                  "marginBottom": 12,
                },
                {
                  "width": 600,
                },
                undefined,
              ]
            }
          >
            <View
              style={
                [
                  {
                    "alignItems": "flex-end",
                    "flex": 1,
                    "justifyContent": "center",
                  },
                  undefined,
                ]
              }
            >
              <View
                accessibilityLiveRegion="polite"
                accessibilityRole="checkbox"
                accessibilityState={
                  {
                    "busy": undefined,
                    "checked": true,
                    "disabled": true,
                    "expanded": undefined,
                    "selected": undefined,
                  }
                }
                accessibilityValue={
                  {
                    "max": undefined,
                    "min": undefined,
                    "now": undefined,
                    "text": undefined,
                  }
                }
                accessible={true}
                collapsable={false}
                color="rgba(28, 27, 31, 1)"
                focusable={true}
                label="Gyroscope Z-axis"
                labelPlace="right"
                labelStyle={
                  {
                    "color": "#ffffff",
                  }
                }
                onBlur={[Function]}
                onClick={[Function]}
                onFocus={[Function]}
                onResponderGrant={[Function]}
                onResponderMove={[Function]}
                onResponderRelease={[Function]}
                onResponderTerminate={[Function]}
                onResponderTerminationRequest={[Function]}
                onStartShouldSetResponder={[Function]}
                style={
                  [
                    {
                      "overflow": "hidden",
                    },
                    {
                      "borderRadius": 18,
                      "padding": 6,
                    },
                  ]
                }
                uncheckedColor="rgba(28, 27, 31, 1)"
              >
                <View
                  style={
                    {
                      "opacity": 1,
                    }
                  }
                >
                  <Text />
                </View>
              </View>
            </View>
            <View
              style={
                [
                  {
                    "alignItems": "flex-start",
                    "flex": 1,
                    "justifyContent": "center",
                  },
                  undefined,
                ]
              }
            >
              <Text
                style={
                  [
                    {
                      "fontFamily": "calibre_app_regular",
                      "fontSize": 14,
                    },
                    {
                      "color": "rgba(98, 91, 113, 1)",
                    },
                    {
                      "color": "#ffffff",
                    },
                  ]
                }
              >
                Gyroscope Z-axis
              </Text>
            </View>
          </View>
          <View
            style={
              [
                {
                  "flexDirection": "row",
                  "marginBottom": 12,
                },
                {
                  "width": 600,
                },
                undefined,
              ]
            }
          >
            <View
              style={
                [
                  {
                    "alignItems": "flex-end",
                    "flex": 1,
                    "justifyContent": "center",
                  },
                  undefined,
                ]
              }
            >
              <View
                accessibilityLiveRegion="polite"
                accessibilityRole="checkbox"
                accessibilityState={
                  {
                    "busy": undefined,
                    "checked": true,
                    "disabled": true,
                    "expanded": undefined,
                    "selected": undefined,
                  }
                }
                accessibilityValue={
                  {
                    "max": undefined,
                    "min": undefined,
                    "now": undefined,
                    "text": undefined,
                  }
                }
                accessible={true}
                collapsable={false}
                color="rgba(28, 27, 31, 1)"
                focusable={true}
                label="Gyroscope Magnitude"
                labelPlace="right"
                labelStyle={
                  {
                    "color": "#ffffff",
                  }
                }
                onBlur={[Function]}
                onClick={[Function]}
                onFocus={[Function]}
                onResponderGrant={[Function]}
                onResponderMove={[Function]}
                onResponderRelease={[Function]}
                onResponderTerminate={[Function]}
                onResponderTerminationRequest={[Function]}
                onStartShouldSetResponder={[Function]}
                style={
                  [
                    {
                      "overflow": "hidden",
                    },
                    {
                      "borderRadius": 18,
                      "padding": 6,
                    },
                  ]
                }
                uncheckedColor="rgba(28, 27, 31, 1)"
              >
                <View
                  style={
                    {
                      "opacity": 1,
                    }
                  }
                >
                  <Text />
                </View>
              </View>
            </View>
            <View
              style={
                [
                  {
                    "alignItems": "flex-start",
                    "flex": 1,
                    "justifyContent": "center",
                  },
                  undefined,
                ]
              }
            >
              <Text
                style={
                  [
                    {
                      "fontFamily": "calibre_app_regular",
                      "fontSize": 14,
                    },
                    {
                      "color": "rgba(98, 91, 113, 1)",
                    },
                    {
                      "color": "#ffffff",
                    },
                  ]
                }
              >
                Gyroscope Magnitude
              </Text>
            </View>
          </View>
          <View
            style={
              [
                {
                  "flexDirection": "row",
                  "marginBottom": 12,
                },
                {
                  "width": 600,
                },
                undefined,
              ]
            }
          >
            <View
              style={
                [
                  {
                    "alignItems": "flex-end",
                    "flex": 1,
                    "justifyContent": "center",
                  },
                  undefined,
                ]
              }
            >
              <View
                accessibilityLiveRegion="polite"
                accessibilityRole="checkbox"
                accessibilityState={
                  {
                    "busy": undefined,
                    "checked": true,
                    "disabled": true,
                    "expanded": undefined,
                    "selected": undefined,
                  }
                }
                accessibilityValue={
                  {
                    "max": undefined,
                    "min": undefined,
                    "now": undefined,
                    "text": undefined,
                  }
                }
                accessible={true}
                collapsable={false}
                color="rgba(28, 27, 31, 1)"
                focusable={true}
                label="3D-Rotation Roll"
                labelPlace="right"
                labelStyle={
                  {
                    "color": "#ffffff",
                  }
                }
                onBlur={[Function]}
                onClick={[Function]}
                onFocus={[Function]}
                onResponderGrant={[Function]}
                onResponderMove={[Function]}
                onResponderRelease={[Function]}
                onResponderTerminate={[Function]}
                onResponderTerminationRequest={[Function]}
                onStartShouldSetResponder={[Function]}
                style={
                  [
                    {
                      "overflow": "hidden",
                    },
                    {
                      "borderRadius": 18,
                      "padding": 6,
                    },
                  ]
                }
                uncheckedColor="rgba(28, 27, 31, 1)"
              >
                <View
                  style={
                    {
                      "opacity": 1,
                    }
                  }
                >
                  <Text />
                </View>
              </View>
            </View>
            <View
              style={
                [
                  {
                    "alignItems": "flex-start",
                    "flex": 1,
                    "justifyContent": "center",
                  },
                  undefined,
                ]
              }
            >
              <Text
                style={
                  [
                    {
                      "fontFamily": "calibre_app_regular",
                      "fontSize": 14,
                    },
                    {
                      "color": "rgba(98, 91, 113, 1)",
                    },
                    {
                      "color": "#ffffff",
                    },
                  ]
                }
              >
                3D-Rotation Roll
              </Text>
            </View>
          </View>
          <View
            style={
              [
                {
                  "flexDirection": "row",
                  "marginBottom": 12,
                },
                {
                  "width": 600,
                },
                undefined,
              ]
            }
          >
            <View
              style={
                [
                  {
                    "alignItems": "flex-end",
                    "flex": 1,
                    "justifyContent": "center",
                  },
                  undefined,
                ]
              }
            >
              <View
                accessibilityLiveRegion="polite"
                accessibilityRole="checkbox"
                accessibilityState={
                  {
                    "busy": undefined,
                    "checked": true,
                    "disabled": true,
                    "expanded": undefined,
                    "selected": undefined,
                  }
                }
                accessibilityValue={
                  {
                    "max": undefined,
                    "min": undefined,
                    "now": undefined,
                    "text": undefined,
                  }
                }
                accessible={true}
                collapsable={false}
                color="rgba(28, 27, 31, 1)"
                focusable={true}
                label="3D-Rotation Pitch"
                labelPlace="right"
                labelStyle={
                  {
                    "color": "#ffffff",
                  }
                }
                onBlur={[Function]}
                onClick={[Function]}
                onFocus={[Function]}
                onResponderGrant={[Function]}
                onResponderMove={[Function]}
                onResponderRelease={[Function]}
                onResponderTerminate={[Function]}
                onResponderTerminationRequest={[Function]}
                onStartShouldSetResponder={[Function]}
                style={
                  [
                    {
                      "overflow": "hidden",
                    },
                    {
                      "borderRadius": 18,
                      "padding": 6,
                    },
                  ]
                }
                uncheckedColor="rgba(28, 27, 31, 1)"
              >
                <View
                  style={
                    {
                      "opacity": 1,
                    }
                  }
                >
                  <Text />
                </View>
              </View>
            </View>
            <View
              style={
                [
                  {
                    "alignItems": "flex-start",
                    "flex": 1,
                    "justifyContent": "center",
                  },
                  undefined,
                ]
              }
            >
              <Text
                style={
                  [
                    {
                      "fontFamily": "calibre_app_regular",
                      "fontSize": 14,
                    },
                    {
                      "color": "rgba(98, 91, 113, 1)",
                    },
                    {
                      "color": "#ffffff",
                    },
                  ]
                }
              >
                3D-Rotation Pitch
              </Text>
            </View>
          </View>
          <View
            style={
              [
                {
                  "flexDirection": "row",
                  "marginBottom": 12,
                },
                {
                  "width": 600,
                },
                undefined,
              ]
            }
          >
            <View
              style={
                [
                  {
                    "alignItems": "flex-end",
                    "flex": 1,
                    "justifyContent": "center",
                  },
                  undefined,
                ]
              }
            >
              <View
                accessibilityLiveRegion="polite"
                accessibilityRole="checkbox"
                accessibilityState={
                  {
                    "busy": undefined,
                    "checked": true,
                    "disabled": true,
                    "expanded": undefined,
                    "selected": undefined,
                  }
                }
                accessibilityValue={
                  {
                    "max": undefined,
                    "min": undefined,
                    "now": undefined,
                    "text": undefined,
                  }
                }
                accessible={true}
                collapsable={false}
                color="rgba(28, 27, 31, 1)"
                focusable={true}
                label="Accelerometer Std. Dev."
                labelPlace="right"
                labelStyle={
                  {
                    "color": "#ffffff",
                  }
                }
                onBlur={[Function]}
                onClick={[Function]}
                onFocus={[Function]}
                onResponderGrant={[Function]}
                onResponderMove={[Function]}
                onResponderRelease={[Function]}
                onResponderTerminate={[Function]}
                onResponderTerminationRequest={[Function]}
                onStartShouldSetResponder={[Function]}
                style={
                  [
                    {
                      "overflow": "hidden",
                    },
                    {
                      "borderRadius": 18,
                      "padding": 6,
                    },
                  ]
                }
                uncheckedColor="rgba(28, 27, 31, 1)"
              >
                <View
                  style={
                    {
                      "opacity": 1,
                    }
                  }
                >
                  <Text />
                </View>
              </View>
            </View>
            <View
              style={
                [
                  {
                    "alignItems": "flex-start",
                    "flex": 1,
                    "justifyContent": "center",
                  },
                  undefined,
                ]
              }
            >
              <Text
                style={
                  [
                    {
                      "fontFamily": "calibre_app_regular",
                      "fontSize": 14,
                    },
                    {
                      "color": "rgba(98, 91, 113, 1)",
                    },
                    {
                      "color": "#ffffff",
                    },
                  ]
                }
              >
                Accelerometer Std. Dev.
              </Text>
            </View>
          </View>
          <View
            style={
              [
                {
                  "flexDirection": "row",
                  "marginBottom": 12,
                },
                {
                  "width": 600,
                },
                undefined,
              ]
            }
          >
            <View
              style={
                [
                  {
                    "alignItems": "flex-end",
                    "flex": 1,
                    "justifyContent": "center",
                  },
                  undefined,
                ]
              }
            >
              <View
                accessibilityLiveRegion="polite"
                accessibilityRole="checkbox"
                accessibilityState={
                  {
                    "busy": undefined,
                    "checked": true,
                    "disabled": true,
                    "expanded": undefined,
                    "selected": undefined,
                  }
                }
                accessibilityValue={
                  {
                    "max": undefined,
                    "min": undefined,
                    "now": undefined,
                    "text": undefined,
                  }
                }
                accessible={true}
                collapsable={false}
                color="rgba(28, 27, 31, 1)"
                focusable={true}
                label="Heart Rate"
                labelPlace="right"
                labelStyle={
                  {
                    "color": "#ffffff",
                  }
                }
                onBlur={[Function]}
                onClick={[Function]}
                onFocus={[Function]}
                onResponderGrant={[Function]}
                onResponderMove={[Function]}
                onResponderRelease={[Function]}
                onResponderTerminate={[Function]}
                onResponderTerminationRequest={[Function]}
                onStartShouldSetResponder={[Function]}
                style={
                  [
                    {
                      "overflow": "hidden",
                    },
                    {
                      "borderRadius": 18,
                      "padding": 6,
                    },
                  ]
                }
                uncheckedColor="rgba(28, 27, 31, 1)"
              >
                <View
                  style={
                    {
                      "opacity": 1,
                    }
                  }
                >
                  <Text />
                </View>
              </View>
            </View>
            <View
              style={
                [
                  {
                    "alignItems": "flex-start",
                    "flex": 1,
                    "justifyContent": "center",
                  },
                  undefined,
                ]
              }
            >
              <Text
                style={
                  [
                    {
                      "fontFamily": "calibre_app_regular",
                      "fontSize": 14,
                    },
                    {
                      "color": "rgba(98, 91, 113, 1)",
                    },
                    {
                      "color": "#ffffff",
                    },
                  ]
                }
              >
                Heart Rate
              </Text>
            </View>
          </View>
          <View
            style={
              [
                {
                  "flexDirection": "row",
                  "marginBottom": 12,
                },
                {
                  "width": 600,
                },
                undefined,
              ]
            }
          >
            <View
              style={
                [
                  {
                    "alignItems": "flex-end",
                    "flex": 1,
                    "justifyContent": "center",
                  },
                  undefined,
                ]
              }
            >
              <View
                accessibilityLiveRegion="polite"
                accessibilityRole="checkbox"
                accessibilityState={
                  {
                    "busy": undefined,
                    "checked": true,
                    "disabled": true,
                    "expanded": undefined,
                    "selected": undefined,
                  }
                }
                accessibilityValue={
                  {
                    "max": undefined,
                    "min": undefined,
                    "now": undefined,
                    "text": undefined,
                  }
                }
                accessible={true}
                collapsable={false}
                color="rgba(28, 27, 31, 1)"
                focusable={true}
                label="Temperature"
                labelPlace="right"
                labelStyle={
                  {
                    "color": "#ffffff",
                  }
                }
                onBlur={[Function]}
                onClick={[Function]}
                onFocus={[Function]}
                onResponderGrant={[Function]}
                onResponderMove={[Function]}
                onResponderRelease={[Function]}
                onResponderTerminate={[Function]}
                onResponderTerminationRequest={[Function]}
                onStartShouldSetResponder={[Function]}
                style={
                  [
                    {
                      "overflow": "hidden",
                    },
                    {
                      "borderRadius": 18,
                      "padding": 6,
                    },
                  ]
                }
                uncheckedColor="rgba(28, 27, 31, 1)"
              >
                <View
                  style={
                    {
                      "opacity": 1,
                    }
                  }
                >
                  <Text />
                </View>
              </View>
            </View>
            <View
              style={
                [
                  {
                    "alignItems": "flex-start",
                    "flex": 1,
                    "justifyContent": "center",
                  },
                  undefined,
                ]
              }
            >
              <Text
                style={
                  [
                    {
                      "fontFamily": "calibre_app_regular",
                      "fontSize": 14,
                    },
                    {
                      "color": "rgba(98, 91, 113, 1)",
                    },
                    {
                      "color": "#ffffff",
                    },
                  ]
                }
              >
                Temperature
              </Text>
            </View>
          </View>
          <View
            style={
              [
                {
                  "flexDirection": "row",
                  "marginBottom": 12,
                },
                {
                  "width": 600,
                },
                undefined,
              ]
            }
          >
            <View
              style={
                [
                  {
                    "alignItems": "flex-end",
                    "flex": 1,
                    "justifyContent": "center",
                  },
                  undefined,
                ]
              }
            >
              <View
                accessibilityLiveRegion="polite"
                accessibilityRole="checkbox"
                accessibilityState={
                  {
                    "busy": undefined,
                    "checked": true,
                    "disabled": true,
                    "expanded": undefined,
                    "selected": undefined,
                  }
                }
                accessibilityValue={
                  {
                    "max": undefined,
                    "min": undefined,
                    "now": undefined,
                    "text": undefined,
                  }
                }
                accessible={true}
                collapsable={false}
                color="rgba(28, 27, 31, 1)"
                focusable={true}
                label="Battery"
                labelPlace="right"
                labelStyle={
                  {
                    "color": "#ffffff",
                  }
                }
                onBlur={[Function]}
                onClick={[Function]}
                onFocus={[Function]}
                onResponderGrant={[Function]}
                onResponderMove={[Function]}
                onResponderRelease={[Function]}
                onResponderTerminate={[Function]}
                onResponderTerminationRequest={[Function]}
                onStartShouldSetResponder={[Function]}
                style={
                  [
                    {
                      "overflow": "hidden",
                    },
                    {
                      "borderRadius": 18,
                      "padding": 6,
                    },
                  ]
                }
                uncheckedColor="rgba(28, 27, 31, 1)"
              >
                <View
                  style={
                    {
                      "opacity": 1,
                    }
                  }
                >
                  <Text />
                </View>
              </View>
            </View>
            <View
              style={
                [
                  {
                    "alignItems": "flex-start",
                    "flex": 1,
                    "justifyContent": "center",
                  },
                  undefined,
                ]
              }
            >
              <Text
                style={
                  [
                    {
                      "fontFamily": "calibre_app_regular",
                      "fontSize": 14,
                    },
                    {
                      "color": "rgba(98, 91, 113, 1)",
                    },
                    {
                      "color": "#ffffff",
                    },
                  ]
                }
              >
                Battery
              </Text>
            </View>
          </View>
        </View>
      </View>
    </View>
  </View>
</RNCSafeAreaProvider>
`;
