// Jest Snapshot v1, https://goo.gl/fbAQLP

exports[`TextBoxEx UnitTest renders correctly 1`] = `
<withTheme(TextInput)
  mode="flat"
  selectionColor="#ffffff"
  style={
    Object {
      "backgroundColor": "transparent",
      "fontFamily": "calibre_app_regular",
      "fontSize": 12,
      "marginBottom": 16,
      "width": 654,
    }
  }
  theme={
    Object {
      "colors": Object {
        "placeholder": "#ffffff",
        "primary": "#bcfeff",
        "text": "#bcfeff",
      },
    }
  }
  underlineColor="#ffffff"
/>
`;

exports[`TextBoxEx UnitTest renders correctly 2`] = `
<withTheme(TextInput)
  mode="flat"
  selectionColor="#ffffff"
  style={
    Object {
      "backgroundColor": "transparent",
      "fontFamily": "calibre_app_regular",
      "fontSize": 12,
      "marginBottom": 16,
      "width": 654,
    }
  }
  theme={
    Object {
      "colors": Object {
        "placeholder": "#ffffff",
        "primary": "#bcfeff",
        "text": "#bcfeff",
      },
    }
  }
  underlineColor="#ffffff"
/>
`;
