// Jest Snapshot v1, https://goo.gl/fbAQLP

exports[`FieldSlider UnitTest renders correctly 1`] = `
<View
  onLayout={[Function]}
  style={
    [
      [
        {
          "height": 40,
        },
        undefined,
      ],
      {
        "justifyContent": "center",
      },
    ]
  }
>
  <RNCSlider
    accessibilityState={
      {
        "disabled": false,
      }
    }
    disabled={false}
    field={
      {
        "format": "minutes",
        "max": 60,
        "min": 0,
        "step": 5,
        "type": "slider",
      }
    }
    inverted={false}
    lowerLimit={-9007199254740991}
    maximumValue={60}
    minimumValue={0}
    onChange={[Function]}
    onRNCSliderAccessibilityAction={null}
    onRNCSliderSlidingComplete={null}
    onRNCSliderSlidingStart={null}
    onRNCSliderValueChange={[Function]}
    onResponderTerminationRequest={[Function]}
    onStartShouldSetResponder={[Function]}
    step={5}
    style={
      [
        {
          "width": 0,
          "zIndex": 1,
        },
        {
          "height": 40,
        },
        {
          "alignContent": "center",
          "alignItems": "center",
        },
      ]
    }
    tapToSeek={false}
    upperLimit={9007199254740991}
    value={30}
  />
</View>
`;
