// Jest Snapshot v1, https://goo.gl/fbAQLP

exports[`FieldToggle UnitTest renders correctly with value enabled 1`] = `
<RNCSafeAreaProvider
  onInsetsChange={[Function]}
  style={
    [
      {
        "flex": 1,
      },
      undefined,
    ]
  }
>
  <View
    collapsable={false}
    pointerEvents="box-none"
    style={
      {
        "flex": 1,
      }
    }
  >
    <RCTSwitch
      accessibilityRole="switch"
      disabled={false}
      field={
        {
          "type": "toggle",
          "valueDisabled": "disabled",
          "valueEnabled": "enabled",
        }
      }
      onChange={[Function]}
      onResponderTerminationRequest={[Function]}
      onStartShouldSetResponder={[Function]}
      onTintColor="#00ffe6"
      style={
        {
          "alignSelf": "flex-start",
        }
      }
      tintColor="#00ffe6"
      value={true}
    />
  </View>
</RNCSafeAreaProvider>
`;
