// Jest Snapshot v1, https://goo.gl/fbAQLP

exports[`StarIcon UnitTest renders correctly with starred=false 1`] = `
<Text
  allowFontScaling={false}
  selectable={false}
  starred={false}
  style={
    [
      {
        "color": "#ffffff",
        "fontSize": 25,
      },
      undefined,
      {
        "fontFamily": "material-community",
        "fontStyle": "normal",
        "fontWeight": "normal",
      },
      {},
    ]
  }
>
  󰓒
</Text>
`;

exports[`StarIcon UnitTest renders correctly with starred=true 1`] = `<Text />`;
