// Jest Snapshot v1, https://goo.gl/fbAQLP

exports[`ProfileListMenu renders correctly 1`] = `
<RNCSafeAreaProvider
  onInsetsChange={[Function]}
  style={
    [
      {
        "flex": 1,
      },
      undefined,
    ]
  }
>
  <View
    collapsable={false}
    pointerEvents="box-none"
    style={
      {
        "flex": 1,
      }
    }
  >
    <View
      style={
        [
          {
            "backgroundColor": "#4a2fba",
            "flex": 0.4,
          },
          undefined,
        ]
      }
    >
      <Text
        style={
          {
            "color": "#bcfeff",
            "fontSize": 13,
          }
        }
      >
        Filter by Profile Type
      </Text>
      <View
        style={
          [
            {
              "flexDirection": "row",
              "marginBottom": 12,
            },
            {
              "width": 600,
            },
            [
              {
                "marginLeft": 20,
                "marginRight": 20,
                "marginTop": 4,
              },
              [
                undefined,
                {
                  "marginLeft": 0,
                },
              ],
            ],
          ]
        }
      >
        <View
          style={
            [
              {
                "alignItems": "flex-end",
                "flex": 1,
                "justifyContent": "center",
              },
              undefined,
            ]
          }
        >
          <View
            accessibilityLiveRegion="polite"
            accessibilityRole="checkbox"
            accessibilityState={
              {
                "busy": undefined,
                "checked": true,
                "disabled": false,
                "expanded": undefined,
                "selected": undefined,
              }
            }
            accessibilityValue={
              {
                "max": undefined,
                "min": undefined,
                "now": undefined,
                "text": undefined,
              }
            }
            accessible={true}
            collapsable={false}
            color="rgba(28, 27, 31, 1)"
            container={
              [
                {
                  "marginLeft": 20,
                  "marginRight": 20,
                  "marginTop": 4,
                },
                [
                  undefined,
                  {
                    "marginLeft": 0,
                  },
                ],
              ]
            }
            description="Official iWinks' profiles."
            descriptionStyle={
              [
                {
                  "color": "#9B9B9B",
                  "fontSize": 10,
                },
                undefined,
              ]
            }
            focusable={true}
            label="Show Official"
            labelPlace="right"
            labelStyle={
              [
                {
                  "color": "#ffffff",
                  "marginBottom": 0,
                },
                undefined,
              ]
            }
            onBlur={[Function]}
            onClick={[Function]}
            onFocus={[Function]}
            onResponderGrant={[Function]}
            onResponderMove={[Function]}
            onResponderRelease={[Function]}
            onResponderTerminate={[Function]}
            onResponderTerminationRequest={[Function]}
            onStartShouldSetResponder={[Function]}
            style={
              [
                {
                  "overflow": "hidden",
                },
                {
                  "borderRadius": 18,
                  "padding": 6,
                },
              ]
            }
            uncheckedColor="rgba(28, 27, 31, 1)"
          >
            <View
              style={
                {
                  "opacity": 1,
                }
              }
            >
              <Text />
            </View>
          </View>
        </View>
        <View
          style={
            [
              {
                "alignItems": "flex-start",
                "flex": 1,
                "justifyContent": "center",
              },
              undefined,
            ]
          }
        >
          <Text
            style={
              [
                {
                  "fontFamily": "calibre_app_regular",
                  "fontSize": 14,
                },
                {
                  "color": "rgba(98, 91, 113, 1)",
                },
                [
                  {
                    "color": "#ffffff",
                    "marginBottom": 0,
                  },
                  undefined,
                ],
              ]
            }
          >
            Show Official
          </Text>
          <Text
            style={
              [
                {
                  "fontFamily": "calibre_app_regular",
                  "fontSize": 14,
                },
                {
                  "color": "rgba(98, 91, 113, 1)",
                },
                [
                  {
                    "color": "#9B9B9B",
                    "fontSize": 10,
                  },
                  undefined,
                ],
              ]
            }
          >
            Official iWinks' profiles.
          </Text>
        </View>
      </View>
      <View
        style={
          [
            {
              "flexDirection": "row",
              "marginBottom": 12,
            },
            {
              "width": 600,
            },
            [
              {
                "marginLeft": 20,
                "marginRight": 20,
                "marginTop": 4,
              },
              [
                undefined,
                {
                  "marginLeft": 0,
                },
              ],
            ],
          ]
        }
      >
        <View
          style={
            [
              {
                "alignItems": "flex-end",
                "flex": 1,
                "justifyContent": "center",
              },
              undefined,
            ]
          }
        >
          <View
            accessibilityLiveRegion="polite"
            accessibilityRole="checkbox"
            accessibilityState={
              {
                "busy": undefined,
                "checked": false,
                "disabled": false,
                "expanded": undefined,
                "selected": undefined,
              }
            }
            accessibilityValue={
              {
                "max": undefined,
                "min": undefined,
                "now": undefined,
                "text": undefined,
              }
            }
            accessible={true}
            collapsable={false}
            color="rgba(28, 27, 31, 1)"
            container={
              [
                {
                  "marginLeft": 20,
                  "marginRight": 20,
                  "marginTop": 4,
                },
                [
                  undefined,
                  {
                    "marginLeft": 0,
                  },
                ],
              ]
            }
            description="Community submitted profiles."
            descriptionStyle={
              [
                {
                  "color": "#9B9B9B",
                  "fontSize": 10,
                },
                undefined,
              ]
            }
            focusable={true}
            label="Show Community"
            labelPlace="right"
            labelStyle={
              [
                {
                  "color": "#ffffff",
                  "marginBottom": 0,
                },
                undefined,
              ]
            }
            onBlur={[Function]}
            onClick={[Function]}
            onFocus={[Function]}
            onResponderGrant={[Function]}
            onResponderMove={[Function]}
            onResponderRelease={[Function]}
            onResponderTerminate={[Function]}
            onResponderTerminationRequest={[Function]}
            onStartShouldSetResponder={[Function]}
            style={
              [
                {
                  "overflow": "hidden",
                },
                {
                  "borderRadius": 18,
                  "padding": 6,
                },
              ]
            }
            uncheckedColor="rgba(28, 27, 31, 1)"
          >
            <View
              style={
                {
                  "opacity": 0,
                }
              }
            >
              <Text />
            </View>
          </View>
        </View>
        <View
          style={
            [
              {
                "alignItems": "flex-start",
                "flex": 1,
                "justifyContent": "center",
              },
              undefined,
            ]
          }
        >
          <Text
            style={
              [
                {
                  "fontFamily": "calibre_app_regular",
                  "fontSize": 14,
                },
                {
                  "color": "rgba(98, 91, 113, 1)",
                },
                [
                  {
                    "color": "#ffffff",
                    "marginBottom": 0,
                  },
                  undefined,
                ],
              ]
            }
          >
            Show Community
          </Text>
          <Text
            style={
              [
                {
                  "fontFamily": "calibre_app_regular",
                  "fontSize": 14,
                },
                {
                  "color": "rgba(98, 91, 113, 1)",
                },
                [
                  {
                    "color": "#9B9B9B",
                    "fontSize": 10,
                  },
                  undefined,
                ],
              ]
            }
          >
            Community submitted profiles.
          </Text>
        </View>
      </View>
      <View
        style={
          [
            {
              "flexDirection": "row",
              "marginBottom": 12,
            },
            {
              "width": 600,
            },
            [
              {
                "marginLeft": 20,
                "marginRight": 20,
                "marginTop": 4,
              },
              [
                undefined,
                {
                  "marginLeft": 0,
                },
              ],
            ],
          ]
        }
      >
        <View
          style={
            [
              {
                "alignItems": "flex-end",
                "flex": 1,
                "justifyContent": "center",
              },
              undefined,
            ]
          }
        >
          <View
            accessibilityLiveRegion="polite"
            accessibilityRole="checkbox"
            accessibilityState={
              {
                "busy": undefined,
                "checked": false,
                "disabled": false,
                "expanded": undefined,
                "selected": undefined,
              }
            }
            accessibilityValue={
              {
                "max": undefined,
                "min": undefined,
                "now": undefined,
                "text": undefined,
              }
            }
            accessible={true}
            collapsable={false}
            color="rgba(28, 27, 31, 1)"
            container={
              [
                {
                  "marginLeft": 20,
                  "marginRight": 20,
                  "marginTop": 4,
                },
                [
                  undefined,
                  {
                    "marginLeft": 0,
                  },
                ],
              ]
            }
            description="Your private profiles."
            descriptionStyle={
              [
                {
                  "color": "#9B9B9B",
                  "fontSize": 10,
                },
                undefined,
              ]
            }
            focusable={true}
            label="Show Private"
            labelPlace="right"
            labelStyle={
              [
                {
                  "color": "#ffffff",
                  "marginBottom": 0,
                },
                undefined,
              ]
            }
            onBlur={[Function]}
            onClick={[Function]}
            onFocus={[Function]}
            onResponderGrant={[Function]}
            onResponderMove={[Function]}
            onResponderRelease={[Function]}
            onResponderTerminate={[Function]}
            onResponderTerminationRequest={[Function]}
            onStartShouldSetResponder={[Function]}
            style={
              [
                {
                  "overflow": "hidden",
                },
                {
                  "borderRadius": 18,
                  "padding": 6,
                },
              ]
            }
            uncheckedColor="rgba(28, 27, 31, 1)"
          >
            <View
              style={
                {
                  "opacity": 1,
                }
              }
            >
              <Text />
            </View>
          </View>
        </View>
        <View
          style={
            [
              {
                "alignItems": "flex-start",
                "flex": 1,
                "justifyContent": "center",
              },
              undefined,
            ]
          }
        >
          <Text
            style={
              [
                {
                  "fontFamily": "calibre_app_regular",
                  "fontSize": 14,
                },
                {
                  "color": "rgba(98, 91, 113, 1)",
                },
                [
                  {
                    "color": "#ffffff",
                    "marginBottom": 0,
                  },
                  undefined,
                ],
              ]
            }
          >
            Show Private
          </Text>
          <Text
            style={
              [
                {
                  "fontFamily": "calibre_app_regular",
                  "fontSize": 14,
                },
                {
                  "color": "rgba(98, 91, 113, 1)",
                },
                [
                  {
                    "color": "#9B9B9B",
                    "fontSize": 10,
                  },
                  undefined,
                ],
              ]
            }
          >
            Your private profiles.
          </Text>
        </View>
      </View>
    </View>
  </View>
</RNCSafeAreaProvider>
`;
