// Bun Snapshot v1, https://bun.sh/docs/test/snapshots

exports[`ProfileMenu renders correctly 1`] = `
{
  "$$typeof": Symbol(react.test.json),
  "children": [
    {
      "$$typeof": Symbol(react.test.json),
      "children": [
        {
          "$$typeof": Symbol(react.test.json),
          "children": [
            {
              "$$typeof": Symbol(react.test.json),
              "children": null,
              "props": {
                "color": "#ffffff",
                "name": "pencil",
                "onPress": undefined,
                "size": 40,
              },
              "type": "Icon",
            },
            {
              "$$typeof": Symbol(react.test.json),
              "children": [
                "Default Profile",
              ],
              "props": {
                "style": {
                  "color": "#ffffff",
                  "fontSize": 35,
                  "marginLeft": 10,
                },
              },
              "type": "Text",
            },
          ],
          "props": {
            "style": [
              {
                "alignItems": "center",
                "backgroundColor": "#250D6D",
                "flex": 1,
                "flexDirection": "row",
                "justifyContent": "flex-start",
                "marginLeft": 10,
              },
              undefined,
            ],
          },
          "type": "View",
        },
      ],
      "props": {
        "collapsable": false,
        "pointerEvents": "box-none",
        "style": {
          "flex": 1,
        },
      },
      "type": "View",
    },
  ],
  "props": {
    "style": [
      {
        "flex": 1,
      },
      undefined,
    ],
  },
  "type": "View",
}
`;
